Microchip MPLAB XC8 Compiler V2.30

Linker command line:

-W-3 --edf=C:\Program Files\Microchip\xc8\v2.30\pic\dat\en_msgs.txt -cn \
  -h+dist/default/production\BMB.X.production.sym \
  --cmf=dist/default/production\BMB.X.production.cmf -z -Q18F45K80 \
  -oC:\Users\GUEST-~1\AppData\Local\Temp\s3b8x2 --defsym=__MPLAB_BUILD=1 \
  -Mdist/default/production/BMB.X.production.map -E1 -ver=XC8 Compiler \
  --acfsm=1493 -ASTACK=04E6h-0E40h -pstack=STACK -ACODE=00h-07FFFh \
  -ACONST=00h-07FFFh -ASMALLCONST=0F00h-0FFFhx113 \
  -AMEDIUMCONST=0F00h-07FFFh -ACOMRAM=01h-05Fh -AABS1=00h-0E40h \
  -ABIGRAM=01h-0E40h -ARAM=060h-0FFh,0100h-01FFhx13,0E00h-0E40h \
  -ABANK0=060h-0FFh -ABANK1=0100h-01FFh -ABANK2=0200h-02FFh \
  -ABANK3=0300h-03FFh -ABANK4=0400h-04FFh -ABANK5=0500h-05FFh \
  -ABANK6=0600h-06FFh -ABANK7=0700h-07FFh -ABANK8=0800h-08FFh \
  -ABANK9=0900h-09FFh -ABANK10=0A00h-0AFFh -ABANK11=0B00h-0BFFh \
  -ABANK12=0C00h-0CFFh -ABANK13=0D00h-0DFFh -ABANK14=0E00h-0E40h \
  -ASFR=0E41h-0EFFh,0F00h-0F5Fh,0F60h-0FFFh -ACONFIG=0300000h-030000Dh \
  -AIDLOC=0200000h-0200007h -AEEDATA=0F00000h-0F003FFh -peeprom_data=EEDATA \
  -preset_vec=00h,intcode=08h,intcodelo,powerup,init -pramtop=0F00h \
  -psmallconst=SMALLCONST -pmediumconst=MEDIUMCONST -pconst=CONST \
  -AFARRAM=00h-00h \
  -prdata=COMRAM,nvrram=COMRAM,nvbit=COMRAM,rbss=COMRAM,rbit=COMRAM \
  -pfarbss=FARRAM,fardata=FARRAM,nvFARRAM=FARRAM \
  -pintsave_regs=BIGRAM,bigbss=BIGRAM,bigdata=BIGRAM -pbss=RAM \
  -pidata=CODE,irdata=CODE,ibigdata=CODE,ifardata=CODE -prparam=COMRAM \
  C:\Users\GUEST-~1\AppData\Local\Temp\s3b8x8.o \
  dist/default/production\BMB.X.production.o 

Object code version is 3.11

Machine type is 18F45K80



                Name                               Link     Load   Length Selector   Space Scale
C:\Users\GUEST-~1\AppData\Local\Temp\s3b8x8.o
                idloc                            200000   200000        8        0       5
                config                           300000   300000        E        0       4
                init                                 7C       7C        4        4       0
                reset_vec                             0        0        4        0       0
dist/default/production\BMB.X.production.o
                intcode                               8        8       74        4       0
                idloc                            200000   200000        8        0       5
                config                           300000   300000        E        0       4
                temp                                 43       43        1        1       1
                mediumconst                        7DF6     7DF6      20A     3EFB       0
                text73                             4CB0     4CB0       74        4       0
                text72                             3914     3914      13A        4       0
                text71                             4BC4     4BC4       78        4       0
                text70                             24CA     24CA      24E        4       0
                text69                             5230     5230        6        4       0
                text68                             4E92     4E92       48        4       0
                text67                             524A     524A        2     291E       0
                text66                             50E0     50E0       30        4       0
                text65                             5206     5206        C        4       0
                text64                             4D90     4D90       64        4       0
                text63                             3C7C     3C7C      10E        4       0
                text62                             5248     5248        2     291E       0
                text61                             50B0     50B0       30        4       0
                text60                             5110     5110       28        4       0
                text59                             51C2     51C2       14        4       0
                text57                             46F2     46F2       C2        4       0
                text56                             3646     3646      176        4       0
                text55                             1CDA     1CDA      330        4       0
                text54                             3B6E     3B6E      10E        4       0
                text53                             4C3C     4C3C       74        4       0
                text52                               80       80      EBE        4       0
                text51                             5138     5138       26        4       0
                text50                              F3E      F3E      9F2        4       0
                text49                             49A2     49A2       9C        4       0
                text48                             5244     5244        4     291E       0
                text47                             5240     5240        4     291E       0
                text46                             4392     4392       EE        4       0
                text45                             3196     3196      1A0        4       0
                text44                             2D8C     2D8C      218        4       0
                text43                             294C     294C      228        4       0
                text42                             1930     1930      3AA        4       0
                text41                             4B46     4B46       7E        4       0
                text40                             4F1E     4F1E       42        4       0
                text39                             37BC     37BC      158        4       0
                text38                             4298     4298       FA        4       0
                text37                             4D24     4D24       6C        4       0
                text36                             2B74     2B74      218        4       0
                text35                             4AC2     4AC2       84        4       0
                text34                             3A4E     3A4E      120        4       0
                text33                             2718     2718      234        4       0
                text32                             409A     409A      100        4       0
                text31                             419A     419A       FE        4       0
                text30                             4A3E     4A3E       84        4       0
                text29                             4480     4480       E2        4       0
                text28                             485E     485E       A6        4       0
                text27                             4562     4562       CE        4       0
                text26                             4DF4     4DF4       50        4       0
                text25                             47B4     47B4       AA        4       0
                text24                             515E     515E       24        4       0
                text23                             3336     3336      194        4       0
                text22                             523C     523C        4     291E       0
                text21                             51E8     51E8       12        4       0
                text20                             5010     5010       38        4       0
                text19                             51D6     51D6       12        4       0
                text18                             5226     5226        A        4       0
                text17                             5182     5182       22        4       0
                text16                             521C     521C        A        4       0
                text15                             4FD8     4FD8       38        4       0
                text14                             51A4     51A4       1E        4       0
                text13                             4F9E     4F9E       3A        4       0
                text12                             4E44     4E44       4E        4       0
                text11                             4EDA     4EDA       44        4       0
                text10                             3F98     3F98      102        4       0
                text9                              34CA     34CA      17C        4       0
                text8                              200A     200A      270        4       0
                text7                              5048     5048       36        4       0
                text6                              4F60     4F60       3E        4       0
                text5                              4630     4630       C2        4       0
                text4                              227A     227A      250        4       0
                text3                              507E     507E       32        4       0
                text2                              3D8A     3D8A      108        4       0
                text1                              3E92     3E92      106        4       0
                text0                              2FA4     2FA4      1F2        4       0
                cstackCOMRAM                          1        1       27        1       1
                cstackBANK0                          CE       CE       28       60       1
                cstackBANK1                         100      100      100      100       1
                cstackBANK2                         200      200      100      200       1
                cstackBANK3                         3E2      3E2        E      300       1
                bssBANK4                            400      400       E6      400       1
                dataBANK3                           3F0      3F0        5      300       1
                bssBANK3                            300      300       E2      300       1
                dataBANK0                            F6       F6        A       60       1
                bssBANK0                             60       60       6E       60       1
                dataCOMRAM                           34       34        C        1       1
                bssCOMRAM                            28       28        C        1       1
                cinit                              4904     4904       9E        4       0
                nvBANK3                             3F5      3F5        4      300       1
                nvCOMRAM                             40       40        3        1       1
                idataBANK3                         5236     5236        5        4       0
                idataBANK0                         5212     5212        A        4       0
                idataCOMRAM                        51FA     51FA        C        4       0

TOTAL           Name                               Link     Load   Length     Space
        CLASS   STACK          

        CLASS   CODE           
                intcode                               8        8       74         0
                init                                 7C       7C        4         0
                reset_vec                             0        0        4         0
                text73                             4CB0     4CB0       74         0
                text72                             3914     3914      13A         0
                text71                             4BC4     4BC4       78         0
                text70                             24CA     24CA      24E         0
                text69                             5230     5230        6         0
                text68                             4E92     4E92       48         0
                text67                             524A     524A        2         0
                text66                             50E0     50E0       30         0
                text65                             5206     5206        C         0
                text64                             4D90     4D90       64         0
                text63                             3C7C     3C7C      10E         0
                text62                             5248     5248        2         0
                text61                             50B0     50B0       30         0
                text60                             5110     5110       28         0
                text59                             51C2     51C2       14         0
                text57                             46F2     46F2       C2         0
                text56                             3646     3646      176         0
                text55                             1CDA     1CDA      330         0
                text54                             3B6E     3B6E      10E         0
                text53                             4C3C     4C3C       74         0
                text52                               80       80      EBE         0
                text51                             5138     5138       26         0
                text50                              F3E      F3E      9F2         0
                text49                             49A2     49A2       9C         0
                text48                             5244     5244        4         0
                text47                             5240     5240        4         0
                text46                             4392     4392       EE         0
                text45                             3196     3196      1A0         0
                text44                             2D8C     2D8C      218         0
                text43                             294C     294C      228         0
                text42                             1930     1930      3AA         0
                text41                             4B46     4B46       7E         0
                text40                             4F1E     4F1E       42         0
                text39                             37BC     37BC      158         0
                text38                             4298     4298       FA         0
                text37                             4D24     4D24       6C         0
                text36                             2B74     2B74      218         0
                text35                             4AC2     4AC2       84         0
                text34                             3A4E     3A4E      120         0
                text33                             2718     2718      234         0
                text32                             409A     409A      100         0
                text31                             419A     419A       FE         0
                text30                             4A3E     4A3E       84         0
                text29                             4480     4480       E2         0
                text28                             485E     485E       A6         0
                text27                             4562     4562       CE         0
                text26                             4DF4     4DF4       50         0
                text25                             47B4     47B4       AA         0
                text24                             515E     515E       24         0
                text23                             3336     3336      194         0
                text22                             523C     523C        4         0
                text21                             51E8     51E8       12         0
                text20                             5010     5010       38         0
                text19                             51D6     51D6       12         0
                text18                             5226     5226        A         0
                text17                             5182     5182       22         0
                text16                             521C     521C        A         0
                text15                             4FD8     4FD8       38         0
                text14                             51A4     51A4       1E         0
                text13                             4F9E     4F9E       3A         0
                text12                             4E44     4E44       4E         0
                text11                             4EDA     4EDA       44         0
                text10                             3F98     3F98      102         0
                text9                              34CA     34CA      17C         0
                text8                              200A     200A      270         0
                text7                              5048     5048       36         0
                text6                              4F60     4F60       3E         0
                text5                              4630     4630       C2         0
                text4                              227A     227A      250         0
                text3                              507E     507E       32         0
                text2                              3D8A     3D8A      108         0
                text1                              3E92     3E92      106         0
                text0                              2FA4     2FA4      1F2         0
                cinit                              4904     4904       9E         0
                idataBANK3                         5236     5236        5         0
                idataBANK0                         5212     5212        A         0
                idataCOMRAM                        51FA     51FA        C         0

        CLASS   CONST          

        CLASS   SMALLCONST     

        CLASS   MEDIUMCONST    
                mediumconst                        7DF6     7DF6      20A         0

        CLASS   COMRAM         
                temp                                 43       43        1         1
                cstackCOMRAM                          1        1       27         1
                dataCOMRAM                           34       34        C         1
                bssCOMRAM                            28       28        C         1
                nvCOMRAM                             40       40        3         1

        CLASS   ABS1           

        CLASS   BIGRAM         

        CLASS   RAM            

        CLASS   BANK0          
                cstackBANK0                          CE       CE       28         1
                dataBANK0                            F6       F6        A         1
                bssBANK0                             60       60       6E         1

        CLASS   BANK1          
                cstackBANK1                         100      100      100         1

        CLASS   BANK2          
                cstackBANK2                         200      200      100         1

        CLASS   BANK3          
                cstackBANK3                         3E2      3E2        E         1
                dataBANK3                           3F0      3F0        5         1
                bssBANK3                            300      300       E2         1
                nvBANK3                             3F5      3F5        4         1

        CLASS   BANK4          
                bssBANK4                            400      400       E6         1

        CLASS   BANK5          

        CLASS   BANK6          

        CLASS   BANK7          

        CLASS   BANK8          

        CLASS   BANK9          

        CLASS   BANK10         

        CLASS   BANK11         

        CLASS   BANK12         

        CLASS   BANK13         

        CLASS   BANK14         

        CLASS   SFR            

        CLASS   CONFIG         
                config                           300000   300000        E         4

        CLASS   IDLOC          
                idloc                            200000   200000        8         5

        CLASS   EEDATA         

        CLASS   FARRAM         



SEGMENTS        Name                           Load    Length   Top    Selector   Space  Class

                reset_vec                      000000  000004  000004         0       0  CODE    
                cstackCOMRAM                   000001  000043  000044         1       1  COMRAM  
                intcode                        000008  005233  00523B         4       0  CODE    
                bssBANK0                       000060  0000A0  000100        60       1  BANK0   
                cstackBANK1                    000100  000100  000200       100       1  BANK1   
                cstackBANK2                    000200  000100  000300       200       1  BANK2   
                bssBANK3                       000300  0000F9  0003F9       300       1  BANK3   
                bssBANK4                       000400  0000E6  0004E6       400       1  BANK4   
                text22                         00523C  000010  00524C      291E       0  CODE    
                mediumconst                    007DF6  00020A  008000      3EFB       0  MEDIUMCO


UNUSED ADDRESS RANGES

        Name                Unused          Largest block    Delta
        BANK10           000A00-000AFF              100
        BANK11           000B00-000BFF              100
        BANK12           000C00-000CFF              100
        BANK13           000D00-000DFF              100
        BANK14           000E00-000E40               41
        BANK3            0003F9-0003FF                7
        BANK4            0004E6-0004FF               1A
        BANK5            000500-0005FF              100
        BANK6            000600-0006FF              100
        BANK7            000700-0007FF              100
        BANK8            000800-0008FF              100
        BANK9            000900-0009FF              100
        BIGRAM           000044-00005F               1C
                         0003F9-0003FF                7
                         0004E6-000E40              95B
        CODE             000004-000007                4
                         00523B-00523B                1
                         00524C-007DF5             2BAA
        COMRAM           000044-00005F               1C
        CONST            000004-000007                4
                         00523B-00523B                1
                         00524C-007DF5             2BAA
        EEDATA           F00000-F003FF              400
        MEDIUMCONST      00523B-00523B                1
                         00524C-007DF5             2BAA
        RAM              0003F9-0003FF                7
                         0004E6-000E40              100
        SFR              000E41-000FFF               BF
        SMALLCONST       00523B-00523B                1
                         00524C-007DF5              100
        STACK            0004E6-000E40              95B

                                  Symbol Table

?_CANParser                                        cstackCOMRAM 000001
?___lwdiv                                          cstackCOMRAM 00001D
?___lwmod                                          cstackCOMRAM 000001
?___wmul                                           cstackCOMRAM 00001D
?_convertReg2ExtendedCANid                         cstackCOMRAM 000001
?_convertReg2StandardCANid                         cstackCOMRAM 000001
?_pec15_calc                                       cstackCOMRAM 00001D
CAN_receive@returnValue                            cstackCOMRAM 000018
CAN_receive@tempCanMsg                             cstackCOMRAM 000014
CAN_receive@tempCanMsg1                            cstackCOMRAM 000016
CAN_step@outValue                                  cstackBANK1  00014C
CAN_step@outValue_230                              cstackBANK1  000150
CAN_step@outValue_234                              cstackBANK1  000154
CAN_step@outValue_238                              cstackBANK1  000158
CAN_step@outValue_242                              cstackBANK1  00015C
CAN_step@outValue_246                              cstackBANK1  000160
CAN_step@outValue_250                              cstackBANK1  000164
CAN_step@outValue_254                              cstackBANK1  000168
CAN_step@packedValue                               cstackBANK1  0001A8
CAN_step@packedValue_186                           cstackBANK1  0001BA
CAN_step@packedValue_189                           cstackBANK1  0001AA
CAN_step@packedValue_192                           cstackBANK1  0001BC
CAN_step@packedValue_195                           cstackBANK1  0001AC
CAN_step@packedValue_198                           cstackBANK1  0001AE
CAN_step@packedValue_201                           cstackBANK1  0001BE
CAN_step@packedValue_204                           cstackBANK1  0001B0
CAN_step@packedValue_207                           cstackBANK1  0001C0
CAN_step@packedValue_210                           cstackBANK1  0001B2
CAN_step@packedValue_213                           cstackBANK1  0001B4
CAN_step@packedValue_216                           cstackBANK1  0001C2
CAN_step@packedValue_219                           cstackBANK1  0001B6
CAN_step@packedValue_222                           cstackBANK1  0001C4
CAN_step@packedValue_225                           cstackBANK1  0001B8
CAN_step@packingValue                              cstackBANK1  00016C
CAN_step@packingValue_184                          cstackBANK1  000170
CAN_step@packingValue_187                          cstackBANK1  000174
CAN_step@packingValue_190                          cstackBANK1  000178
CAN_step@packingValue_193                          cstackBANK1  00017C
CAN_step@packingValue_196                          cstackBANK1  000180
CAN_step@packingValue_199                          cstackBANK1  000184
CAN_step@packingValue_202                          cstackBANK1  000188
CAN_step@packingValue_205                          cstackBANK1  00018C
CAN_step@packingValue_208                          cstackBANK1  000190
CAN_step@packingValue_211                          cstackBANK1  000194
CAN_step@packingValue_214                          cstackBANK1  000198
CAN_step@packingValue_217                          cstackBANK1  00019C
CAN_step@packingValue_220                          cstackBANK1  0001A0
CAN_step@packingValue_223                          cstackBANK1  0001A4
CAN_step@result                                    cstackBANK1  000100
CAN_step@result_185                                cstackBANK1  000104
CAN_step@result_188                                cstackBANK1  000108
CAN_step@result_191                                cstackBANK1  00010C
CAN_step@result_194                                cstackBANK1  000110
CAN_step@result_197                                cstackBANK1  000114
CAN_step@result_200                                cstackBANK1  000118
CAN_step@result_203                                cstackBANK1  00011C
CAN_step@result_206                                cstackBANK1  000120
CAN_step@result_209                                cstackBANK1  000124
CAN_step@result_212                                cstackBANK1  000128
CAN_step@result_215                                cstackBANK1  00012C
CAN_step@result_218                                cstackBANK1  000130
CAN_step@result_221                                cstackBANK1  000134
CAN_step@result_224                                cstackBANK1  000138
CAN_step@result_229                                cstackBANK1  00013C
CAN_step@result_233                                cstackBANK1  00013E
CAN_step@result_237                                cstackBANK1  000140
CAN_step@result_241                                cstackBANK1  000142
CAN_step@result_245                                cstackBANK1  000144
CAN_step@result_249                                cstackBANK1  000146
CAN_step@result_253                                cstackBANK1  000148
CAN_step@result_257                                cstackBANK1  00014A
CAN_step@tempValue                                 cstackBANK1  0001C6
CAN_step@tempValue_232                             cstackBANK1  0001C8
CAN_step@tempValue_236                             cstackBANK1  0001CA
CAN_step@tempValue_240                             cstackBANK1  0001CC
CAN_step@tempValue_244                             cstackBANK1  0001CE
CAN_step@tempValue_248                             cstackBANK1  0001D0
CAN_step@tempValue_252                             cstackBANK1  0001D2
CAN_step@tempValue_256                             cstackBANK1  0001D4
CAN_step@unpackedValue                             cstackBANK1  00014E
CAN_step@unpackedValue_231                         cstackBANK1  000152
CAN_step@unpackedValue_235                         cstackBANK1  000156
CAN_step@unpackedValue_239                         cstackBANK1  00015A
CAN_step@unpackedValue_243                         cstackBANK1  00015E
CAN_step@unpackedValue_247                         cstackBANK1  000162
CAN_step@unpackedValue_251                         cstackBANK1  000166
CAN_step@unpackedValue_255                         cstackBANK1  00016A
CAN_transmit@returnValue                           cstackBANK0  0000DB
CAN_transmit@tempCanMsg                            cstackCOMRAM 000022
CAN_transmit@tempEIDH                              cstackBANK0  0000DC
CAN_transmit@tempEIDL                              cstackBANK0  0000DD
CAN_transmit@tempSIDH                              cstackBANK0  0000DE
CAN_transmit@tempSIDL                              cstackBANK0  0000DF
LTC681x_adax@CHG                                   cstackCOMRAM 000026
LTC681x_adax@MD                                    cstackBANK0  0000DE
LTC681x_adax@cmd                                   cstackBANK0  0000DA
LTC681x_adax@md_bits                               cstackBANK0  0000DF
LTC681x_adcv@CH                                    cstackCOMRAM 000027
LTC681x_adcv@DCP                                   cstackCOMRAM 000026
LTC681x_adcv@MD                                    cstackBANK0  0000DD
LTC681x_adcv@cmd                                   cstackBANK0  0000DB
LTC681x_adcv@md_bits                               cstackBANK0  0000DE
LTC681x_check_pec@current_ic                       cstackBANK0  0000E3
LTC681x_check_pec@current_ic_3860                  cstackBANK0  0000E5
LTC681x_check_pec@current_ic_3861                  cstackBANK0  0000E7
LTC681x_check_pec@current_ic_3863                  cstackBANK0  0000E9
LTC681x_check_pec@current_ic_3865                  cstackBANK0  0000EB
LTC681x_check_pec@i                                cstackBANK0  0000DD
LTC681x_check_pec@i_3864                           cstackBANK0  0000DF
LTC681x_check_pec@i_3866                           cstackBANK0  0000E1
LTC681x_check_pec@ic                               cstackCOMRAM 000024
LTC681x_check_pec@reg                              cstackCOMRAM 000023
LTC681x_check_pec@total_ic                         cstackBANK0  0000DC
LTC681x_clraux@F12867                              dataCOMRAM   000036
LTC681x_clrcell@F12864                             dataCOMRAM   000038
LTC681x_clrsctrl@F13020                            dataBANK0    0000FA
LTC681x_clrstat@F12870                             dataCOMRAM   000034
LTC681x_diagn@F12873                               dataBANK0    0000FC
LTC681x_init_cfg@current_ic                        cstackCOMRAM 000022
LTC681x_init_cfg@ic                                cstackCOMRAM 00001D
LTC681x_init_cfg@j                                 cstackCOMRAM 000023
LTC681x_init_cfg@total_ic                          cstackCOMRAM 000021
LTC681x_rdaux@c_ic                                 cstackBANK1  000109
LTC681x_rdaux@current_ic                           cstackBANK1  000105
LTC681x_rdaux@current_ic_2921                      cstackBANK1  000107
LTC681x_rdaux@data                                 cstackBANK1  000103
LTC681x_rdaux@gpio_reg                             cstackBANK1  000102
LTC681x_rdaux@ic                                   cstackBANK0  0000EE
LTC681x_rdaux@pec_error                            cstackBANK1  000100
LTC681x_rdaux@reg                                  cstackBANK1  000101
LTC681x_rdaux@total_ic                             cstackBANK0  0000ED
LTC681x_rdaux_reg@cmd                              cstackBANK0  0000D8
LTC681x_rdaux_reg@cmd_pec                          cstackBANK0  0000D6
LTC681x_rdaux_reg@data                             cstackCOMRAM 000024
LTC681x_rdaux_reg@reg                              cstackBANK0  0000DC
LTC681x_rdaux_reg@total_ic                         cstackCOMRAM 000023
LTC681x_rdcfg@F12733                               dataBANK0    0000FE
LTC681x_rdcfg@byte                                 cstackBANK3  0003E9
LTC681x_rdcfg@c_ic                                 cstackBANK3  0003E7
LTC681x_rdcfg@calc_pec                             cstackBANK3  0003E5
LTC681x_rdcfg@cmd                                  cstackBANK0  0000F4
LTC681x_rdcfg@current_ic                           cstackBANK3  0003EB
LTC681x_rdcfg@data_pec                             cstackBANK3  0003E3
LTC681x_rdcfg@ic                                   cstackBANK0  0000ED
LTC681x_rdcfg@read_buffer                          cstackBANK2  000200
LTC681x_rdcfg@total_ic                             cstackBANK3  0003E8
LTC681x_rdcfgb@F12745                              dataCOMRAM   00003A
LTC681x_rdcomm@F13035                              dataBANK0    0000F6
LTC681x_rdcv@c_ic                                  cstackBANK1  000109
LTC681x_rdcv@cell_data                             cstackBANK1  000102
LTC681x_rdcv@cell_reg                              cstackBANK1  000101
LTC681x_rdcv@current_ic                            cstackBANK1  000105
LTC681x_rdcv@current_ic_2855                       cstackBANK1  000107
LTC681x_rdcv@ic                                    cstackBANK0  0000EE
LTC681x_rdcv@pec_error                             cstackBANK1  000104
LTC681x_rdcv@reg                                   cstackBANK1  000100
LTC681x_rdcv@total_ic                              cstackBANK0  0000ED
LTC681x_rdcv_reg@cmd                               cstackBANK0  0000D8
LTC681x_rdcv_reg@cmd_pec                           cstackBANK0  0000D6
LTC681x_rdcv_reg@data                              cstackCOMRAM 000024
LTC681x_rdcv_reg@reg                               cstackBANK0  0000DC
LTC681x_rdcv_reg@total_ic                          cstackCOMRAM 000023
LTC681x_rdsctrl@byte                               cstackBANK3  0003EA
LTC681x_rdsctrl@c_ic                               cstackBANK3  0003E9
LTC681x_rdsctrl@calc_pec                           cstackBANK3  0003E6
LTC681x_rdsctrl@cmd                                cstackBANK3  0003E2
LTC681x_rdsctrl@current_ic                         cstackBANK3  0003EC
LTC681x_rdsctrl@data_pec                           cstackBANK0  0000F4
LTC681x_rdsctrl@ic                                 cstackBANK0  0000EC
LTC681x_rdsctrl@read_buffer                        cstackBANK2  000200
LTC681x_rdsctrl@sctrl_reg                          cstackBANK0  0000EB
LTC681x_rdsctrl@total_ic                           cstackBANK3  0003E8
LTC681x_reset_crc_count@current_ic                 cstackBANK0  0000D9
LTC681x_reset_crc_count@i                          cstackBANK0  0000D3
LTC681x_reset_crc_count@i_3928                     cstackBANK0  0000D5
LTC681x_reset_crc_count@i_3929                     cstackBANK0  0000D7
LTC681x_reset_crc_count@ic                         cstackCOMRAM 000023
LTC681x_reset_crc_count@total_ic                   cstackBANK0  0000D2
LTC681x_set_balance@balanceMask                    cstackCOMRAM 00001D
LTC681x_set_balance@ic                             cstackCOMRAM 00001F
LTC681x_set_cfgr@adcopt                            cstackBANK0  0000D6
LTC681x_set_cfgr@dcc                               cstackBANK0  0000D9
LTC681x_set_cfgr@dcto                              cstackBANK0  0000DB
LTC681x_set_cfgr@gpio                              cstackBANK0  0000D7
LTC681x_set_cfgr@ic                                cstackBANK0  0000D3
LTC681x_set_cfgr@nIC                               cstackBANK0  0000E1
LTC681x_set_cfgr@ov                                cstackBANK0  0000DF
LTC681x_set_cfgr@refon                             cstackBANK0  0000D5
LTC681x_set_cfgr@uv                                cstackBANK0  0000DD
LTC681x_set_cfgr_adcopt@adcopt                     cstackCOMRAM 00001F
LTC681x_set_cfgr_adcopt@ic                         cstackCOMRAM 00001D
LTC681x_set_cfgr_adcopt@nIC                        cstackCOMRAM 000024
LTC681x_set_cfgr_dcto@dcto                         cstackCOMRAM 00001F
LTC681x_set_cfgr_dcto@i                            cstackBANK0  0000CF
LTC681x_set_cfgr_dcto@ic                           cstackCOMRAM 00001D
LTC681x_set_cfgr_dcto@nIC                          cstackBANK0  0000CE
LTC681x_set_cfgr_dis@dcc                           cstackCOMRAM 00001F
LTC681x_set_cfgr_dis@i                             cstackBANK0  0000CE
LTC681x_set_cfgr_dis@i_4243                        cstackBANK0  0000D0
LTC681x_set_cfgr_dis@ic                            cstackCOMRAM 00001D
LTC681x_set_cfgr_dis@nIC                           cstackBANK0  0000D2
LTC681x_set_cfgr_gpio@gpio                         cstackCOMRAM 00001F
LTC681x_set_cfgr_gpio@i                            cstackBANK0  0000CF
LTC681x_set_cfgr_gpio@ic                           cstackCOMRAM 00001D
LTC681x_set_cfgr_gpio@nIC                          cstackBANK0  0000CE
LTC681x_set_cfgr_ov@ic                             cstackCOMRAM 00001D
LTC681x_set_cfgr_ov@nIC                            cstackBANK0  0000D0
LTC681x_set_cfgr_ov@ov                             cstackCOMRAM 00001F
LTC681x_set_cfgr_ov@tmp                            cstackBANK0  0000CE
LTC681x_set_cfgr_refon@ic                          cstackCOMRAM 00001D
LTC681x_set_cfgr_refon@nIC                         cstackCOMRAM 000024
LTC681x_set_cfgr_refon@refon                       cstackCOMRAM 00001F
LTC681x_set_cfgr_uv@ic                             cstackCOMRAM 00001D
LTC681x_set_cfgr_uv@nIC                            cstackBANK0  0000D0
LTC681x_set_cfgr_uv@tmp                            cstackBANK0  0000CE
LTC681x_set_cfgr_uv@uv                             cstackCOMRAM 00001F
LTC681x_stsctrl@cmd                                cstackBANK0  0000D4
LTC681x_stsctrl@cmd_pec                            cstackBANK0  0000D8
LTC681x_wrcfg@F12713                               dataCOMRAM   00003E
LTC681x_wrcfg@c_ic                                 cstackBANK0  0000F3
LTC681x_wrcfg@cmd                                  cstackBANK0  0000F0
LTC681x_wrcfg@current_ic                           cstackBANK0  0000F5
LTC681x_wrcfg@data                                 cstackBANK2  000200
LTC681x_wrcfg@ic                                   cstackBANK0  0000EC
LTC681x_wrcfg@total_ic                             cstackBANK0  0000F4
LTC681x_wrcfg@write_buffer                         cstackBANK1  000100
LTC681x_wrcfg@write_count                          cstackBANK0  0000F2
LTC681x_wrcfgb@F12723                              dataCOMRAM   00003C
LTC681x_wrcomm@F13025                              dataBANK0    0000F8
LTC681x_wrsctrl@c_ic                               cstackBANK0  0000F2
LTC681x_wrsctrl@cmd                                cstackBANK0  0000F3
LTC681x_wrsctrl@current_ic                         cstackBANK2  000200
LTC681x_wrsctrl@data                               cstackBANK2  000201
LTC681x_wrsctrl@ic                                 cstackBANK0  0000ED
LTC681x_wrsctrl@sctrl_reg                          cstackBANK0  0000EC
LTC681x_wrsctrl@total_ic                           cstackBANK0  0000F5
LTC681x_wrsctrl@write_buffer                       cstackBANK1  000100
LTC681x_wrsctrl@write_count                        cstackBANK0  0000F1
LTC_Init@current_ic                                cstackBANK2  000201
TMR0_SetInterruptHandler@InterruptHandler          cstackCOMRAM 00001D
TMR1_SetInterruptHandler@InterruptHandler          cstackCOMRAM 00001D
TMR1_WriteTimer@timerVal                           cstackCOMRAM 000001
_ANCON0                                            (abs)        000F5D
_ANCON1                                            (abs)        000F5C
_BRGCON1                                           (abs)        000E43
_BRGCON2                                           (abs)        000E44
_BRGCON3                                           (abs)        000E45
_BSEL0                                             (abs)        000E7D
_BalancerCommand                                   text57       0046F2
_CANCON                                            (abs)        000F6F
_CANParser                                         text73       004CB0
_CANPermit                                         bssBANK0     0000BB
_CANRecCounter                                     bssCOMRAM    00002A
_CANRecError                                       bssCOMRAM    000031
_CANSTAT                                           (abs)        000F6E
_CANTransmit                                       text54       003B6E
_CANTxCounter                                      bssCOMRAM    00002F
_CAN_B                                             bssBANK3     000376
_CAN_DW                                            bssBANK3     0003A0
_CAN_M                                             mediumconst  007FFB
_CAN_M_                                            bssBANK0     0000CC
_CAN_Rx                                            bssBANK3     000392
_CAN_Rx1                                           bssBANK3     0003C4
_CAN_Rx2                                           bssBANK3     0003B6
_CAN_Rx_flag                                       bssCOMRAM    00002D
_CAN_Tx                                            bssBANK0     0000BE
_CAN_Tx_flag                                       bssCOMRAM    00002E
_CAN_U                                             bssBANK3     000300
_CAN_Y                                             bssBANK0     000060
_CAN_receive                                       text70       0024CA
_CAN_step                                          text52       000080
_CAN_transmit                                      text55       001CDA
_CIOCON                                            (abs)        000F70
_COMSTATbits                                       (abs)        000F71
_ECANCON                                           (abs)        000F72
_ECAN_Initialize                                   text23       003336
_INTCON2bits                                       (abs)        000FF1
_INTCONbits                                        (abs)        000FF2
_INTERRUPT_Initialize                              text22       00523C
_INTERRUPT_InterruptManager                        intcode      000008
_LATA                                              (abs)        000F89
_LATB                                              (abs)        000F8A
_LATBbits                                          (abs)        000F8A
_LATC                                              (abs)        000F8B
_LATD                                              (abs)        000F8C
_LATDbits                                          (abs)        000F8C
_LATE                                              (abs)        000F8D
_LTC681x_adax                                      text6        004F60
_LTC681x_adcv                                      text11       004EDA
_LTC681x_check_pec                                 text50       000F3E
_LTC681x_init_cfg                                  text37       004D24
_LTC681x_rdaux                                     text4        00227A
_LTC681x_rdaux_reg                                 text5        004630
_LTC681x_rdcfg                                     text44       002D8C
_LTC681x_rdcv                                      text8        00200A
_LTC681x_rdcv_reg                                  text10       003F98
_LTC681x_rdsctrl                                   text43       00294C
_LTC681x_reset_crc_count                           text36       002B74
_LTC681x_set_balance                               text42       001930
_LTC681x_set_cfgr                                  text28       00485E
_LTC681x_set_cfgr_adcopt                           text35       004AC2
_LTC681x_set_cfgr_dcto                             text34       003A4E
_LTC681x_set_cfgr_dis                              text33       002718
_LTC681x_set_cfgr_gpio                             text32       00409A
_LTC681x_set_cfgr_ov                               text31       00419A
_LTC681x_set_cfgr_refon                            text30       004A3E
_LTC681x_set_cfgr_uv                               text29       004480
_LTC681x_stsctrl                                   text40       004F1E
_LTC681x_wrcfg                                     text27       004562
_LTC681x_wrsctrl                                   text38       004298
_LTCBusyFlag                                       bssBANK0     0000BD
_LTCError                                          bssCOMRAM    000030
_LTCPermit                                         bssBANK0     0000BC
_LTC_Init                                          text25       0047B4
_LTCerrorCounter                                   bssBANK0     0000B2
_MSEL0                                             (abs)        000E79
_MSEL1                                             (abs)        000E7A
_MSEL2                                             (abs)        000E7B
_MSEL3                                             (abs)        000E7C
_OSCCON                                            (abs)        000FD3
_OSCCON2                                           (abs)        000FD2
_OSCILLATOR_Initialize                             text21       0051E8
_OSCTUNE                                           (abs)        000F9B
_PIE1bits                                          (abs)        000F9D
_PIN_MANAGER_Initialize                            text20       005010
_PIR1bits                                          (abs)        000F9E
_PIR5bits                                          (abs)        000F77
_RCONbits                                          (abs)        000FD0
_REFOCON                                           (abs)        000F9A
_RXB0CONbits                                       (abs)        000F60
_RXB0D0                                            (abs)        000F66
_RXB0D1                                            (abs)        000F67
_RXB0D2                                            (abs)        000F68
_RXB0D3                                            (abs)        000F69
_RXB0D4                                            (abs)        000F6A
_RXB0D5                                            (abs)        000F6B
_RXB0D6                                            (abs)        000F6C
_RXB0D7                                            (abs)        000F6D
_RXB0DLC                                           (abs)        000F65
_RXB0EIDH                                          (abs)        000F63
_RXB0EIDL                                          (abs)        000F64
_RXB0SIDH                                          (abs)        000F61
_RXB0SIDL                                          (abs)        000F62
_RXB1CONbits                                       (abs)        000F30
_RXB1D0                                            (abs)        000F36
_RXB1D1                                            (abs)        000F37
_RXB1D2                                            (abs)        000F38
_RXB1D3                                            (abs)        000F39
_RXB1D4                                            (abs)        000F3A
_RXB1D5                                            (abs)        000F3B
_RXB1D6                                            (abs)        000F3C
_RXB1D7                                            (abs)        000F3D
_RXB1DLC                                           (abs)        000F35
_RXB1EIDH                                          (abs)        000F33
_RXB1EIDL                                          (abs)        000F34
_RXB1SIDH                                          (abs)        000F31
_RXB1SIDL                                          (abs)        000F32
_RXF0EIDH                                          (abs)        000EE2
_RXF0EIDL                                          (abs)        000EE3
_RXF0SIDH                                          (abs)        000EE0
_RXF0SIDL                                          (abs)        000EE1
_RXF10EIDH                                         (abs)        000E5A
_RXF10EIDL                                         (abs)        000E5B
_RXF10SIDH                                         (abs)        000E58
_RXF10SIDL                                         (abs)        000E59
_RXF11EIDH                                         (abs)        000E5E
_RXF11EIDL                                         (abs)        000E5F
_RXF11SIDH                                         (abs)        000E5C
_RXF11SIDL                                         (abs)        000E5D
_RXF12EIDH                                         (abs)        000E62
_RXF12EIDL                                         (abs)        000E63
_RXF12SIDH                                         (abs)        000E60
_RXF12SIDL                                         (abs)        000E61
_RXF13EIDH                                         (abs)        000E66
_RXF13EIDL                                         (abs)        000E67
_RXF13SIDH                                         (abs)        000E64
_RXF13SIDL                                         (abs)        000E65
_RXF14EIDH                                         (abs)        000E6A
_RXF14EIDL                                         (abs)        000E6B
_RXF14SIDH                                         (abs)        000E68
_RXF14SIDL                                         (abs)        000E69
_RXF15EIDH                                         (abs)        000E6E
_RXF15EIDL                                         (abs)        000E6F
_RXF15SIDH                                         (abs)        000E6C
_RXF15SIDL                                         (abs)        000E6D
_RXF1EIDH                                          (abs)        000EE6
_RXF1EIDL                                          (abs)        000EE7
_RXF1SIDH                                          (abs)        000EE4
_RXF1SIDL                                          (abs)        000EE5
_RXF2EIDH                                          (abs)        000EEA
_RXF2EIDL                                          (abs)        000EEB
_RXF2SIDH                                          (abs)        000EE8
_RXF2SIDL                                          (abs)        000EE9
_RXF3EIDH                                          (abs)        000EEE
_RXF3EIDL                                          (abs)        000EEF
_RXF3SIDH                                          (abs)        000EEC
_RXF3SIDL                                          (abs)        000EED
_RXF4EIDH                                          (abs)        000EF2
_RXF4EIDL                                          (abs)        000EF3
_RXF4SIDH                                          (abs)        000EF0
_RXF4SIDL                                          (abs)        000EF1
_RXF5EIDH                                          (abs)        000EF6
_RXF5EIDL                                          (abs)        000EF7
_RXF5SIDH                                          (abs)        000EF4
_RXF5SIDL                                          (abs)        000EF5
_RXF6EIDH                                          (abs)        000E4A
_RXF6EIDL                                          (abs)        000E4B
_RXF6SIDH                                          (abs)        000E48
_RXF6SIDL                                          (abs)        000E49
_RXF7EIDH                                          (abs)        000E4E
_RXF7EIDL                                          (abs)        000E4F
_RXF7SIDH                                          (abs)        000E4C
_RXF7SIDL                                          (abs)        000E4D
_RXF8EIDH                                          (abs)        000E52
_RXF8EIDL                                          (abs)        000E53
_RXF8SIDH                                          (abs)        000E50
_RXF8SIDL                                          (abs)        000E51
_RXF9EIDH                                          (abs)        000E56
_RXF9EIDL                                          (abs)        000E57
_RXF9SIDH                                          (abs)        000E54
_RXF9SIDL                                          (abs)        000E55
_RXFBCON0                                          (abs)        000E71
_RXFBCON1                                          (abs)        000E72
_RXFBCON2                                          (abs)        000E73
_RXFBCON3                                          (abs)        000E74
_RXFBCON4                                          (abs)        000E75
_RXFBCON5                                          (abs)        000E76
_RXFBCON6                                          (abs)        000E77
_RXFBCON7                                          (abs)        000E78
_RXFCON0                                           (abs)        000E46
_RXFCON1                                           (abs)        000E47
_RXM0EIDH                                          (abs)        000EFA
_RXM0EIDL                                          (abs)        000EFB
_RXM0SIDH                                          (abs)        000EF8
_RXM0SIDL                                          (abs)        000EF9
_RXM1EIDH                                          (abs)        000EFE
_RXM1EIDL                                          (abs)        000EFF
_RXM1SIDH                                          (abs)        000EFC
_RXM1SIDL                                          (abs)        000EFD
_SPIError                                          bssCOMRAM    000032
_SPI_Initialize                                    text19       0051D6
_SPI_Open                                          text24       00515E
_SPIerrorCounter                                   bssBANK0     0000B4
_SSPADD                                            (abs)        000FC8
_SSPBUF                                            (abs)        000FC9
_SSPCON1                                           (abs)        000FC6
_SSPCON1bits                                       (abs)        000FC6
_SSPCON2                                           (abs)        000FC5
_SSPSTAT                                           (abs)        000FC7
_SYSTEM_Initialize                                 text14       0051A4
_T0CON                                             (abs)        000FD5
_T0CONbits                                         (abs)        000FD5
_T1CON                                             (abs)        000FCD
_T1CONbits                                         (abs)        000FCD
_T1GCON                                            (abs)        000FAA
_T1GCONbits                                        (abs)        000FAA
_TMR0H                                             (abs)        000FD7
_TMR0L                                             (abs)        000FD6
_TMR0_CallBack                                     text66       0050E0
_TMR0_DefaultInterruptHandler                      text67       00524A
_TMR0_ISR                                          text65       005206
_TMR0_Initialize                                   text17       005182
_TMR0_InterruptHandler                             nvBANK3      0003F7
_TMR0_Reload                                       text69       005230
_TMR0_SetInterruptHandler                          text18       005226
_TMR1H                                             (abs)        000FCF
_TMR1L                                             (abs)        000FCE
_TMR1_CallBack                                     text61       0050B0
_TMR1_DefaultInterruptHandler                      text62       005248
_TMR1_ISR                                          text59       0051C2
_TMR1_Initialize                                   text15       004FD8
_TMR1_InterruptHandler                             nvBANK3      0003F5
_TMR1_SetInterruptHandler                          text16       00521C
_TMR1_WriteTimer                                   text60       005110
_TRISA                                             (abs)        000F92
_TRISB                                             (abs)        000F93
_TRISC                                             (abs)        000F94
_TRISCbits                                         (abs)        000F94
_TRISD                                             (abs)        000F95
_TRISE                                             (abs)        000F96
_TXB0CONbits                                       (abs)        000F20
_TXB0D0                                            (abs)        000F26
_TXB0D1                                            (abs)        000F27
_TXB0D2                                            (abs)        000F28
_TXB0D3                                            (abs)        000F29
_TXB0D4                                            (abs)        000F2A
_TXB0D5                                            (abs)        000F2B
_TXB0D6                                            (abs)        000F2C
_TXB0D7                                            (abs)        000F2D
_TXB0DLC                                           (abs)        000F25
_TXB0EIDH                                          (abs)        000F23
_TXB0EIDL                                          (abs)        000F24
_TXB0SIDH                                          (abs)        000F21
_TXB0SIDL                                          (abs)        000F22
_TXB1CONbits                                       (abs)        000F10
_TXB1D0                                            (abs)        000F16
_TXB1D1                                            (abs)        000F17
_TXB1D2                                            (abs)        000F18
_TXB1D3                                            (abs)        000F19
_TXB1D4                                            (abs)        000F1A
_TXB1D5                                            (abs)        000F1B
_TXB1D6                                            (abs)        000F1C
_TXB1D7                                            (abs)        000F1D
_TXB1DLC                                           (abs)        000F15
_TXB1EIDH                                          (abs)        000F13
_TXB1EIDL                                          (abs)        000F14
_TXB1SIDH                                          (abs)        000F11
_TXB1SIDL                                          (abs)        000F12
_TXB2CONbits                                       (abs)        000F00
_TXB2D0                                            (abs)        000F06
_TXB2D1                                            (abs)        000F07
_TXB2D2                                            (abs)        000F08
_TXB2D3                                            (abs)        000F09
_TXB2D4                                            (abs)        000F0A
_TXB2D5                                            (abs)        000F0B
_TXB2D6                                            (abs)        000F0C
_TXB2D7                                            (abs)        000F0D
_TXB2DLC                                           (abs)        000F05
_TXB2EIDH                                          (abs)        000F03
_TXB2EIDL                                          (abs)        000F04
_TXB2SIDH                                          (abs)        000F01
_TXB2SIDL                                          (abs)        000F02
_Tx_counter                                        bssBANK0     0000B0
_WDTCONbits                                        (abs)        000FD1
_WPUB                                              (abs)        000F5B
__HRAM                                             (abs)        000000
__Habs1                                            abs1         000000
__Hbank0                                           bank0        000000
__Hbank1                                           bank1        000000
__Hbank10                                          bank10       000000
__Hbank11                                          bank11       000000
__Hbank12                                          bank12       000000
__Hbank13                                          bank13       000000
__Hbank14                                          bank14       000000
__Hbank2                                           bank2        000000
__Hbank3                                           bank3        000000
__Hbank4                                           bank4        000000
__Hbank5                                           bank5        000000
__Hbank6                                           bank6        000000
__Hbank7                                           bank7        000000
__Hbank8                                           bank8        000000
__Hbank9                                           bank9        000000
__Hbigbss                                          bigbss       000000
__Hbigdata                                         bigdata      000000
__Hbigram                                          bigram       000000
__Hbss                                             bss          000000
__HbssBANK0                                        bssBANK0     000000
__HbssBANK3                                        bssBANK3     000000
__HbssBANK4                                        bssBANK4     000000
__HbssCOMRAM                                       bssCOMRAM    000000
__Hcinit                                           cinit        000000
__Hclrtext                                         clrtext      000000
__Hcomram                                          comram       000000
__Hconfig                                          config       30000E
__Hconst                                           const        000000
__HcstackBANK0                                     cstackBANK0  000000
__HcstackBANK1                                     cstackBANK1  000000
__HcstackBANK2                                     cstackBANK2  000000
__HcstackBANK3                                     cstackBANK3  000000
__HcstackCOMRAM                                    cstackCOMRAM 000000
__Hdata                                            data         000000
__HdataBANK0                                       dataBANK0    000000
__HdataBANK3                                       dataBANK3    000000
__HdataCOMRAM                                      dataCOMRAM   000000
__Heeprom_data                                     eeprom_data  000000
__Hfarbss                                          farbss       000000
__Hfardata                                         fardata      000000
__Hibigdata                                        ibigdata     000000
__Hidata                                           idata        000000
__HidataBANK0                                      idataBANK0   000000
__HidataBANK3                                      idataBANK3   000000
__HidataCOMRAM                                     idataCOMRAM  000000
__Hidloc                                           idloc        200008
__Hifardata                                        ifardata     000000
__Hinit                                            init         000080
__Hintcode                                         intcode      00007C
__Hintcode_body                                    intcode_body 000000
__Hintcodelo                                       intcodelo    00007C
__Hintentry                                        intentry     000000
__Hintret                                          intret       000000
__Hintsave_regs                                    intsave_regs 000000
__Hirdata                                          irdata       000000
__Hmediumconst                                     mediumconst  008000
__HnvBANK3                                         nvBANK3      000000
__HnvCOMRAM                                        nvCOMRAM     000000
__HnvFARRAM                                        nvFARRAM     000000
__Hnvbit                                           nvbit        000000
__Hnvrram                                          nvrram       000000
__Hparam                                           rparam       000000
__Hpowerup                                         powerup      00007C
__Hram                                             ram          000000
__Hramtop                                          ramtop       000F00
__Hrbit                                            rbit         000000
__Hrbss                                            rbss         000000
__Hrdata                                           rdata        000000
__Hreset_vec                                       reset_vec    000004
__Hrparam                                          rparam       000000
__Hsfr                                             sfr          000000
__Hsmallconst                                      smallconst   000000
__Hspace_0                                         (abs)        008000
__Hspace_1                                         (abs)        0004E6
__Hspace_2                                         (abs)        000000
__Hspace_4                                         (abs)        60000E
__Hstack                                           stack        000000
__Hstruct                                          struct       000000
__Htemp                                            temp         000044
__Htext                                            text         000000
__Htext0                                           text0        000000
__Htext1                                           text1        000000
__Htext10                                          text10       000000
__Htext11                                          text11       000000
__Htext12                                          text12       000000
__Htext13                                          text13       000000
__Htext14                                          text14       000000
__Htext15                                          text15       000000
__Htext16                                          text16       000000
__Htext17                                          text17       000000
__Htext18                                          text18       000000
__Htext19                                          text19       000000
__Htext2                                           text2        000000
__Htext20                                          text20       000000
__Htext21                                          text21       000000
__Htext22                                          text22       000000
__Htext23                                          text23       000000
__Htext24                                          text24       000000
__Htext25                                          text25       000000
__Htext26                                          text26       000000
__Htext27                                          text27       000000
__Htext28                                          text28       000000
__Htext29                                          text29       000000
__Htext3                                           text3        000000
__Htext30                                          text30       000000
__Htext31                                          text31       000000
__Htext32                                          text32       000000
__Htext33                                          text33       000000
__Htext34                                          text34       000000
__Htext35                                          text35       000000
__Htext36                                          text36       000000
__Htext37                                          text37       000000
__Htext38                                          text38       000000
__Htext39                                          text39       000000
__Htext4                                           text4        000000
__Htext40                                          text40       000000
__Htext41                                          text41       000000
__Htext42                                          text42       000000
__Htext43                                          text43       000000
__Htext44                                          text44       000000
__Htext45                                          text45       000000
__Htext46                                          text46       000000
__Htext47                                          text47       000000
__Htext48                                          text48       000000
__Htext49                                          text49       000000
__Htext5                                           text5        000000
__Htext50                                          text50       000000
__Htext51                                          text51       000000
__Htext52                                          text52       000000
__Htext53                                          text53       000000
__Htext54                                          text54       000000
__Htext55                                          text55       000000
__Htext56                                          text56       000000
__Htext57                                          text57       000000
__Htext59                                          text59       000000
__Htext6                                           text6        000000
__Htext60                                          text60       000000
__Htext61                                          text61       000000
__Htext62                                          text62       000000
__Htext63                                          text63       000000
__Htext64                                          text64       000000
__Htext65                                          text65       000000
__Htext66                                          text66       000000
__Htext67                                          text67       000000
__Htext68                                          text68       000000
__Htext69                                          text69       000000
__Htext7                                           text7        000000
__Htext70                                          text70       000000
__Htext71                                          text71       000000
__Htext72                                          text72       000000
__Htext73                                          text73       000000
__Htext74                                          text74       000000
__Htext8                                           text8        000000
__Htext9                                           text9        000000
__LRAM                                             (abs)        000001
__Labs1                                            abs1         000000
__Lbank0                                           bank0        000000
__Lbank1                                           bank1        000000
__Lbank10                                          bank10       000000
__Lbank11                                          bank11       000000
__Lbank12                                          bank12       000000
__Lbank13                                          bank13       000000
__Lbank14                                          bank14       000000
__Lbank2                                           bank2        000000
__Lbank3                                           bank3        000000
__Lbank4                                           bank4        000000
__Lbank5                                           bank5        000000
__Lbank6                                           bank6        000000
__Lbank7                                           bank7        000000
__Lbank8                                           bank8        000000
__Lbank9                                           bank9        000000
__Lbigbss                                          bigbss       000000
__Lbigdata                                         bigdata      000000
__Lbigram                                          bigram       000000
__Lbss                                             bss          000000
__LbssBANK0                                        bssBANK0     000000
__LbssBANK3                                        bssBANK3     000000
__LbssBANK4                                        bssBANK4     000000
__LbssCOMRAM                                       bssCOMRAM    000000
__Lcinit                                           cinit        000000
__Lclrtext                                         clrtext      000000
__Lcomram                                          comram       000000
__Lconfig                                          config       000000
__Lconst                                           const        000000
__LcstackBANK0                                     cstackBANK0  000000
__LcstackBANK1                                     cstackBANK1  000000
__LcstackBANK2                                     cstackBANK2  000000
__LcstackBANK3                                     cstackBANK3  000000
__LcstackCOMRAM                                    cstackCOMRAM 000000
__Ldata                                            data         000000
__LdataBANK0                                       dataBANK0    000000
__LdataBANK3                                       dataBANK3    000000
__LdataCOMRAM                                      dataCOMRAM   000000
__Leeprom_data                                     eeprom_data  000000
__Lfarbss                                          farbss       000000
__Lfardata                                         fardata      000000
__Libigdata                                        ibigdata     000000
__Lidata                                           idata        000000
__LidataBANK0                                      idataBANK0   000000
__LidataBANK3                                      idataBANK3   000000
__LidataCOMRAM                                     idataCOMRAM  000000
__Lidloc                                           idloc        000000
__Lifardata                                        ifardata     000000
__Linit                                            init         00007C
__Lintcode                                         intcode      000008
__Lintcode_body                                    intcode_body 000000
__Lintcodelo                                       intcodelo    00007C
__Lintentry                                        intentry     000000
__Lintret                                          intret       000000
__Lintsave_regs                                    intsave_regs 000000
__Lirdata                                          irdata       000000
__Lmediumconst                                     mediumconst  007DF6
__LnvBANK3                                         nvBANK3      000000
__LnvCOMRAM                                        nvCOMRAM     000000
__LnvFARRAM                                        nvFARRAM     000000
__Lnvbit                                           nvbit        000000
__Lnvrram                                          nvrram       000000
__Lparam                                           rparam       000000
__Lpowerup                                         powerup      00007C
__Lram                                             ram          000000
__Lramtop                                          ramtop       000F00
__Lrbit                                            rbit         000000
__Lrbss                                            rbss         000000
__Lrdata                                           rdata        000000
__Lreset_vec                                       reset_vec    000000
__Lrparam                                          rparam       000000
__Lsfr                                             sfr          000000
__Lsmallconst                                      smallconst   000000
__Lspace_0                                         (abs)        000000
__Lspace_1                                         (abs)        000000
__Lspace_2                                         (abs)        000000
__Lspace_4                                         (abs)        000000
__Lstack                                           stack        000000
__Lstruct                                          struct       000000
__Ltemp                                            temp         000043
__Ltext                                            text         000000
__Ltext0                                           text0        000000
__Ltext1                                           text1        000000
__Ltext10                                          text10       000000
__Ltext11                                          text11       000000
__Ltext12                                          text12       000000
__Ltext13                                          text13       000000
__Ltext14                                          text14       000000
__Ltext15                                          text15       000000
__Ltext16                                          text16       000000
__Ltext17                                          text17       000000
__Ltext18                                          text18       000000
__Ltext19                                          text19       000000
__Ltext2                                           text2        000000
__Ltext20                                          text20       000000
__Ltext21                                          text21       000000
__Ltext22                                          text22       000000
__Ltext23                                          text23       000000
__Ltext24                                          text24       000000
__Ltext25                                          text25       000000
__Ltext26                                          text26       000000
__Ltext27                                          text27       000000
__Ltext28                                          text28       000000
__Ltext29                                          text29       000000
__Ltext3                                           text3        000000
__Ltext30                                          text30       000000
__Ltext31                                          text31       000000
__Ltext32                                          text32       000000
__Ltext33                                          text33       000000
__Ltext34                                          text34       000000
__Ltext35                                          text35       000000
__Ltext36                                          text36       000000
__Ltext37                                          text37       000000
__Ltext38                                          text38       000000
__Ltext39                                          text39       000000
__Ltext4                                           text4        000000
__Ltext40                                          text40       000000
[...]
 Hardware stack levels required when called:    1
 This function calls:
		___lwmod
 This function is called by:
		_main
		_TMR1_CallBack
 This function uses a non-reentrant model


 *************** function ___lwmod *****************
 Defined at:
		line 7 in file "C:\Program Files\Microchip\xc8\v2.30\pic\sources\c99\common\lwmod.c"
 Parameters:    Size  Location     Type
  dividend        2    0[COMRAM] unsigned int 
  divisor         2    2[COMRAM] unsigned int 
 Auto vars:     Size  Location     Type
  counter         1    4[COMRAM] unsigned char 
 Return value:  Size  Location     Type
                  2    0[COMRAM] unsigned int 
 Registers used:
		wreg, status,2, status,0
 Tracked objects:
		On entry : 
		On exit  : 
		Unchanged: 
 Data sizes:     COMRAM   BANK0   BANK1   BANK2   BANK3   BANK4   BANK5   BANK6   BANK7   BANK8   BANK9  BANK10  BANK11  BANK12  BANK13  BANK14
      Params:         4       0       0       0       0       0       0       0       0       0       0       0       0       0       0       0
      Locals:         1       0       0       0       0       0       0       0       0       0       0       0       0       0       0       0
      Temps:          0       0       0       0       0       0       0       0       0       0       0       0       0       0       0       0
      Totals:         5       0       0       0       0       0       0       0       0       0       0       0       0       0       0       0
Total ram usage:        5 bytes
 Hardware stack levels used:    1
 This function calls:
		Nothing
 This function is called by:
		_timer1_ISR
 This function uses a non-reentrant model


 *************** function _TMR0_ISR *****************
 Defined at:
		line 129 in file "mcc_generated_files/tmr0.c"
 Parameters:    Size  Location     Type
		None
 Auto vars:     Size  Location     Type
		None
 Return value:  Size  Location     Type
                  1    wreg      void 
 Registers used:
		wreg, fsr2l, fsr2h, status,2, status,0, pclath, tosl, cstack
 Tracked objects:
		On entry : 
		On exit  : 
		Unchanged: 
 Data sizes:     COMRAM   BANK0   BANK1   BANK2   BANK3   BANK4   BANK5   BANK6   BANK7   BANK8   BANK9  BANK10  BANK11  BANK12  BANK13  BANK14
      Params:         0       0       0       0       0       0       0       0       0       0       0       0       0       0       0       0
      Locals:         0       0       0       0       0       0       0       0       0       0       0       0       0       0       0       0
      Temps:          0       0       0       0       0       0       0       0       0       0       0       0       0       0       0       0
      Totals:         0       0       0       0       0       0       0       0       0       0       0       0       0       0       0       0
Total ram usage:        0 bytes
 Hardware stack levels used:    1
 Hardware stack levels required when called:    4
 This function calls:
		_TMR0_CallBack
 This function is called by:
		_INTERRUPT_InterruptManager
 This function uses a non-reentrant model


 *************** function _TMR0_CallBack *****************
 Defined at:
		line 145 in file "mcc_generated_files/tmr0.c"
 Parameters:    Size  Location     Type
		None
 Auto vars:     Size  Location     Type
		None
 Return value:  Size  Location     Type
                  1    wreg      void 
 Registers used:
		wreg, fsr2l, fsr2h, status,2, status,0, pclath, tosl, cstack
 Tracked objects:
		On entry : 
		On exit  : 
		Unchanged: 
 Data sizes:     COMRAM   BANK0   BANK1   BANK2   BANK3   BANK4   BANK5   BANK6   BANK7   BANK8   BANK9  BANK10  BANK11  BANK12  BANK13  BANK14
      Params:         0       0       0       0       0       0       0       0       0       0       0       0       0       0       0       0
      Locals:         0       0       0       0       0       0       0       0       0       0       0       0       0       0       0       0
      Temps:          0       0       0       0       0       0       0       0       0       0       0       0       0       0       0       0
      Totals:         0       0       0       0       0       0       0       0       0       0       0       0       0       0       0       0
Total ram usage:        0 bytes
 Hardware stack levels used:    1
 Hardware stack levels required when called:    3
 This function calls:
		Absolute function
		_TMR0_DefaultInterruptHandler
		_timer0_ISR
 This function is called by:
		_TMR0_ISR
 This function uses a non-reentrant model


 *************** function _TMR0_DefaultInterruptHandler *****************
 Defined at:
		line 159 in file "mcc_generated_files/tmr0.c"
 Parameters:    Size  Location     Type
		None
 Auto vars:     Size  Location     Type
		None
 Return value:  Size  Location     Type
                  1    wreg      void 
 Registers used:
		None
 Tracked objects:
		On entry : 
		On exit  : 
		Unchanged: 
 Data sizes:     COMRAM   BANK0   BANK1   BANK2   BANK3   BANK4   BANK5   BANK6   BANK7   BANK8   BANK9  BANK10  BANK11  BANK12  BANK13  BANK14
      Params:         0       0       0       0       0       0       0       0       0       0       0       0       0       0       0       0
      Locals:         0       0       0       0       0       0       0       0       0       0       0       0       0       0       0       0
      Temps:          0       0       0       0       0       0       0       0       0       0       0       0       0       0       0       0
      Totals:         0       0       0       0       0       0       0       0       0       0       0       0       0       0       0       0
Total ram usage:        0 bytes
 Hardware stack levels used:    1
 This function calls:
		Nothing
 This function is called by:
		_TMR0_Initialize
		_TMR0_CallBack
 This function uses a non-reentrant model


 *************** function _timer0_ISR *****************
 Defined at:
		line 119 in file "main.c"
 Parameters:    Size  Location     Type
		None
 Auto vars:     Size  Location     Type
		None
 Return value:  Size  Location     Type
                  1    wreg      void 
 Registers used:
		wreg, fsr2l, fsr2h, status,2, status,0, cstack
 Tracked objects:
		On entry : 
		On exit  : 
		Unchanged: 
 Data sizes:     COMRAM   BANK0   BANK1   BANK2   BANK3   BANK4   BANK5   BANK6   BANK7   BANK8   BANK9  BANK10  BANK11  BANK12  BANK13  BANK14
      Params:         0       0       0       0       0       0       0       0       0       0       0       0       0       0       0       0
      Locals:         0       0       0       0       0       0       0       0       0       0       0       0       0       0       0       0
      Temps:          0       0       0       0       0       0       0       0       0       0       0       0       0       0       0       0
      Totals:         0       0       0       0       0       0       0       0       0       0       0       0       0       0       0       0
Total ram usage:        0 bytes
 Hardware stack levels used:    1
 Hardware stack levels required when called:    2
 This function calls:
		_CANParser
		_CAN_receive
		_TMR0_Reload
 This function is called by:
		_main
		_TMR0_CallBack
 This function uses a non-reentrant model


 *************** function _TMR0_Reload *****************
 Defined at:
		line 122 in file "mcc_generated_files/tmr0.c"
 Parameters:    Size  Location     Type
		None
 Auto vars:     Size  Location     Type
		None
 Return value:  Size  Location     Type
                  1    wreg      void 
 Registers used:
		None
 Tracked objects:
		On entry : 
		On exit  : 
		Unchanged: 
 Data sizes:     COMRAM   BANK0   BANK1   BANK2   BANK3   BANK4   BANK5   BANK6   BANK7   BANK8   BANK9  BANK10  BANK11  BANK12  BANK13  BANK14
      Params:         0       0       0       0       0       0       0       0       0       0       0       0       0       0       0       0
      Locals:         0       0       0       0       0       0       0       0       0       0       0       0       0       0       0       0
      Temps:          0       0       0       0       0       0       0       0       0       0       0       0       0       0       0       0
      Totals:         0       0       0       0       0       0       0       0       0       0       0       0       0       0       0       0
Total ram usage:        0 bytes
 Hardware stack levels used:    1
 This function calls:
		Nothing
 This function is called by:
		_timer0_ISR
 This function uses a non-reentrant model


 *************** function _CAN_receive *****************
 Defined at:
		line 308 in file "mcc_generated_files/ecan.c"
 Parameters:    Size  Location     Type
  tempCanMsg      2   19[COMRAM] PTR struct .
		 -> CAN_Rx1(14), 
  tempCanMsg1     2   21[COMRAM] PTR struct .
		 -> CAN_Rx2(14), 
 Auto vars:     Size  Location     Type
  returnValue     1   23[COMRAM] unsigned char 
 Return value:  Size  Location     Type
                  1    wreg      unsigned char 
 Registers used:
		wreg, fsr2l, fsr2h, status,2, status,0, cstack
 Tracked objects:
		On entry : 
		On exit  : 
		Unchanged: 
 Data sizes:     COMRAM   BANK0   BANK1   BANK2   BANK3   BANK4   BANK5   BANK6   BANK7   BANK8   BANK9  BANK10  BANK11  BANK12  BANK13  BANK14
      Params:         4       0       0       0       0       0       0       0       0       0       0       0       0       0       0       0
      Locals:         1       0       0       0       0       0       0       0       0       0       0       0       0       0       0       0
      Temps:          0       0       0       0       0       0       0       0       0       0       0       0       0       0       0       0
      Totals:         5       0       0       0       0       0       0       0       0       0       0       0       0       0       0       0
Total ram usage:        5 bytes
 Hardware stack levels used:    1
 Hardware stack levels required when called:    1
 This function calls:
		_convertReg2ExtendedCANid
		_convertReg2StandardCANid
 This function is called by:
		_timer0_ISR
 This function uses a non-reentrant model


 *************** function _convertReg2StandardCANid *****************
 Defined at:
		line 511 in file "mcc_generated_files/ecan.c"
 Parameters:    Size  Location     Type
  tempRXBn_SID    1    wreg     unsigned char 
  tempRXBn_SID    1    0[COMRAM] unsigned char 
 Auto vars:     Size  Location     Type
  tempRXBn_SID    1    6[COMRAM] unsigned char 
  ConvertedID     4   11[COMRAM] unsigned long 
  returnValue     4    7[COMRAM] unsigned long 
 Return value:  Size  Location     Type
                  4    0[COMRAM] unsigned long 
 Registers used:
		wreg, status,2, status,0
 Tracked objects:
		On entry : 
		On exit  : 
		Unchanged: 
 Data sizes:     COMRAM   BANK0   BANK1   BANK2   BANK3   BANK4   BANK5   BANK6   BANK7   BANK8   BANK9  BANK10  BANK11  BANK12  BANK13  BANK14
      Params:         4       0       0       0       0       0       0       0       0       0       0       0       0       0       0       0
      Locals:         9       0       0       0       0       0       0       0       0       0       0       0       0       0       0       0
      Temps:          2       0       0       0       0       0       0       0       0       0       0       0       0       0       0       0
      Totals:        15       0       0       0       0       0       0       0       0       0       0       0       0       0       0       0
Total ram usage:       15 bytes
 Hardware stack levels used:    1
 This function calls:
		Nothing
 This function is called by:
		_CAN_receive
 This function uses a non-reentrant model


 *************** function _convertReg2ExtendedCANid *****************
 Defined at:
		line 491 in file "mcc_generated_files/ecan.c"
 Parameters:    Size  Location     Type
  tempRXBn_EID    1    wreg     unsigned char 
  tempRXBn_EID    1    0[COMRAM] unsigned char 
  tempRXBn_SID    1    1[COMRAM] unsigned char 
  tempRXBn_SID    1    2[COMRAM] unsigned char 
 Auto vars:     Size  Location     Type
  tempRXBn_EID    1    8[COMRAM] unsigned char 
  ConvertedID     4   15[COMRAM] unsigned long 
  returnValue     4    9[COMRAM] unsigned long 
  CAN_standard    1   14[COMRAM] unsigned char 
  CAN_standard    1   13[COMRAM] unsigned char 
 Return value:  Size  Location     Type
                  4    0[COMRAM] unsigned long 
 Registers used:
		wreg, status,2, status,0
 Tracked objects:
		On entry : 
		On exit  : 
		Unchanged: 
 Data sizes:     COMRAM   BANK0   BANK1   BANK2   BANK3   BANK4   BANK5   BANK6   BANK7   BANK8   BANK9  BANK10  BANK11  BANK12  BANK13  BANK14
      Params:         4       0       0       0       0       0       0       0       0       0       0       0       0       0       0       0
      Locals:        11       0       0       0       0       0       0       0       0       0       0       0       0       0       0       0
      Temps:          4       0       0       0       0       0       0       0       0       0       0       0       0       0       0       0
      Totals:        19       0       0       0       0       0       0       0       0       0       0       0       0       0       0       0
Total ram usage:       19 bytes
 Hardware stack levels used:    1
 This function calls:
		Nothing
 This function is called by:
		_CAN_receive
 This function uses a non-reentrant model


 *************** function _CANParser *****************
 Defined at:
		line 485 in file "main.c"
 Parameters:    Size  Location     Type
		None
 Auto vars:     Size  Location     Type
		None
 Return value:  Size  Location     Type
                  1    wreg      void 
 Registers used:
		wreg, status,2
 Tracked objects:
		On entry : 
		On exit  : 
		Unchanged: 
 Data sizes:     COMRAM   BANK0   BANK1   BANK2   BANK3   BANK4   BANK5   BANK6   BANK7   BANK8   BANK9  BANK10  BANK11  BANK12  BANK13  BANK14
      Params:         2       0       0       0       0       0       0       0       0       0       0       0       0       0       0       0
      Locals:         0       0       0       0       0       0       0       0       0       0       0       0       0       0       0       0
      Temps:          0       0       0       0       0       0       0       0       0       0       0       0       0       0       0       0
      Totals:         2       0       0       0       0       0       0       0       0       0       0       0       0       0       0       0
Total ram usage:        2 bytes
 Hardware stack levels used:    1
 This function calls:
		Nothing
 This function is called by:
		_timer0_ISR
 This function uses a non-reentrant model



MODULE INFORMATION

Module		Function		Class		Link	Load	Size
bms_hardware.c
		_cs_low        		CODE           	5240	0000	4
		_spi_write_read		CODE           	4392	0000	238
		_cs_high       		CODE           	5244	0000	4
		_spi_write_array		CODE           	4B46	0000	126

bms_hardware.c estimated size: 372

CAN/CAN.c
		_CAN_step      		CODE           	0080	0000	3774

CAN/CAN.c estimated size: 3774

C:\Program Files\Microchip\xc8\v2.30\pic\sources\c99\common\lwmod.c
		___lwmod       		CODE           	4D90	0000	100

C:\Program Files\Microchip\xc8\v2.30\pic\sources\c99\common\lwmod.c estimated size: 100

mcc_generated_files/interrupt_manager.c
		_INTERRUPT_Initialize		CODE           	523C	0000	4
		_INTERRUPT_InterruptManager		CODE           	0008	0000	116

mcc_generated_files/interrupt_manager.c estimated size: 120

C:\Program Files\Microchip\xc8\v2.30\pic\sources\c99\common\Umul16.c
		___wmul        		CODE           	5138	0000	38

C:\Program Files\Microchip\xc8\v2.30\pic\sources\c99\common\Umul16.c estimated size: 38

mcc_generated_files/tmr0.c
		_TMR0_SetInterruptHandler		CODE           	5226	0000	10
		_TMR0_Reload   		CODE           	5230	0000	6
		_TMR0_DefaultInterruptHandler		CODE           	524A	0000	2
		_TMR0_CallBack 		CODE           	50E0	0000	48
		_TMR0_ISR      		CODE           	5206	0000	12
		_TMR0_Initialize		CODE           	5182	0000	34

mcc_generated_files/tmr0.c estimated size: 112

mcc_generated_files/pin_manager.c
		_PIN_MANAGER_Initialize		CODE           	5010	0000	56

mcc_generated_files/pin_manager.c estimated size: 56

C:\Program Files\Microchip\xc8\v2.30\pic\sources\c99\common\lwdiv.c
		___lwdiv       		CODE           	4C3C	0000	116

C:\Program Files\Microchip\xc8\v2.30\pic\sources\c99\common\lwdiv.c estimated size: 116

mcc_generated_files/ecan.c
		_CAN_receive   		CODE           	24CA	0000	590
		_ECAN_Initialize		CODE           	3336	0000	404
		_convertReg2ExtendedCANid		CODE           	3914	0000	314
		_CAN_transmit  		CODE           	1CDA	0000	816
		_convertReg2StandardCANid		CODE           	4BC4	0000	120
		_convertCANid2Reg		CODE           	3646	0000	374

mcc_generated_files/ecan.c estimated size: 2618

mcc_generated_files/spi.c
		_SPI_Open      		CODE           	515E	0000	36
		_SPI_Initialize		CODE           	51D6	0000	18

mcc_generated_files/spi.c estimated size: 54

shared
		__initialization		CODE           	4904	0000	144
		_spi_configuration		MEDIUMCONST    	0000	0000	0
		_crc15Table    		MEDIUMCONST    	7DF7	0000	512
		_TOTAL_IC      		MEDIUMCONST    	0000	0000	0
		_CAN_M         		MEDIUMCONST    	7FFB	0000	2

shared estimated size: 658

mcc_generated_files/mcc.c
		_OSCILLATOR_Initialize		CODE           	51E8	0000	18
		_SYSTEM_Initialize		CODE           	51A4	0000	30

mcc_generated_files/mcc.c estimated size: 48

LTC681xRev2.c
		_LTC681x_set_cfgr_uv		CODE           	4480	0000	226
		_LTC681x_reset_crc_count		CODE           	2B74	0000	536
		_LTC681x_adcv  		CODE           	4EDA	0000	68
		_LTC681x_adax  		CODE           	4F60	0000	62
		_LTC681x_rdcv  		CODE           	200A	0000	624
		_parse_cells   		CODE           	34CA	0000	380
		_LTC681x_init_cfg		CODE           	4D24	0000	108
		_LTC681x_rdcv_reg		CODE           	3F98	0000	258
		_LTC681x_rdcfg 		CODE           	2D8C	0000	536
		_LTC681x_wrcfg 		CODE           	4562	0000	206
		_LTC681x_rdaux 		CODE           	227A	0000	592
		_LTC681x_set_cfgr		CODE           	485E	0000	166
		_LTC681x_check_pec		CODE           	0F3E	0000	2546
		_write_68      		CODE           	37BC	0000	344
		_cmd_68        		CODE           	4E44	0000	78
		_LTC681x_rdaux_reg		CODE           	4630	0000	194
		_LTC681x_set_cfgr_gpio		CODE           	409A	0000	256
		_read_68       		CODE           	3196	0000	416
		_LTC681x_set_cfgr_adcopt		CODE           	4AC2	0000	132
		_wakeup_sleep  		CODE           	4DF4	0000	80
		_pec15_calc    		CODE           	49A2	0000	156
		_LTC681x_rdsctrl		CODE           	294C	0000	552
		_LTC681x_stsctrl		CODE           	4F1E	0000	66
		_LTC681x_wrsctrl		CODE           	4298	0000	250
		_LTC681x_set_cfgr_ov		CODE           	419A	0000	254
		_LTC681x_set_cfgr_dcto		CODE           	3A4E	0000	288
		_LTC681x_set_cfgr_refon		CODE           	4A3E	0000	132
		_LTC681x_set_balance		CODE           	1930	0000	938
		_LTC681x_set_cfgr_dis		CODE           	2718	0000	564

LTC681xRev2.c estimated size: 11008

mcc_generated_files/tmr1.c
		_TMR1_Initialize		CODE           	4FD8	0000	56
		_TMR1_SetInterruptHandler		CODE           	521C	0000	10
		_TMR1_DefaultInterruptHandler		CODE           	5248	0000	2
		_TMR1_CallBack 		CODE           	50B0	0000	48
		_TMR1_WriteTimer		CODE           	5110	0000	40
		_TMR1_ISR      		CODE           	51C2	0000	20

mcc_generated_files/tmr1.c estimated size: 176

main.c
		_getCellVoltage		CODE           	5048	0000	54
		_updateCANData 		CODE           	3D8A	0000	264
		_main          		CODE           	2FA4	0000	498
		_updateCellVoltage		CODE           	3E92	0000	262
		_LTC_Init      		CODE           	47B4	0000	170
		_timer0_ISR    		CODE           	4E92	0000	72
		_CANParser     		CODE           	4CB0	0000	116
		_CANTransmit   		CODE           	3B6E	0000	270
		_getGpioVoltage		CODE           	507E	0000	50
		_checkPEC      		CODE           	4F9E	0000	58
		_timer1_ISR    		CODE           	3C7C	0000	270
		_BalancerCommand		CODE           	46F2	0000	194

main.c estimated size: 2278

